<?xml version="1.0" encoding="UTF-8"?>
<testsuites tests="1" failures="0" disabled="0" errors="0" time="0" timestamp="2024-05-10T19:48:11.967" name="AllTests">
  <testsuite name="GetCurrentTimeTest" tests="1" failures="0" disabled="0" skipped="0" errors="0" time="0" timestamp="2024-05-10T19:48:11.967">
    <testcase name="SetsTimevalCorrectly" file="/Users/ootsuboyoshiyuki/D/philo/test/unit/src/utils.cpp" line="9" status="run" result="completed" time="0" timestamp="2024-05-10T19:48:11.967" classname="GetCurrentTimeTest" />
  </testsuite>
</testsuites>
